// Jest Snapshot v1, https://goo.gl/fbAQLP

exports[`ApplyForLoanScreen should match snapshot 1`] = `
<RCTSafeAreaView
  style={
    {
      "backgroundColor": "#F3FBFB",
      "flex": 1,
    }
  }
>
  <View
    style={
      {
        "alignItems": "center",
        "backgroundColor": "#fff",
        "borderBottomColor": "#ddd",
        "borderBottomWidth": 1,
        "flexDirection": "row",
        "height": 60,
        "justifyContent": "space-between",
        "paddingHorizontal": 15,
        "width": 750,
      }
    }
  >
    <Text
      style={
        {
          "color": "#B7E3F1",
          "fontSize": 18,
          "fontWeight": "bold",
        }
      }
    >
      Numida
    </Text>
    <View
      style={
        {
          "flexDirection": "row",
        }
      }
    >
      <View
        collapsable={false}
        style={
          {
            "backgroundColor": "rgba(232, 222, 248, 1)",
            "borderRadius": 6,
            "shadowColor": "#000",
            "shadowOffset": {
              "height": 0,
              "width": 0,
            },
            "shadowOpacity": 0,
            "shadowRadius": 0,
          }
        }
        testID="appButton-container-outer-layer"
      >
        <View
          collapsable={false}
          style={
            {
              "alignItems": "center",
              "backgroundColor": "rgba(232, 222, 248, 1)",
              "borderColor": "transparent",
              "borderRadius": 6,
              "borderStyle": "solid",
              "borderWidth": 0,
              "flex": undefined,
              "flexDirection": "row",
              "justifyContent": "center",
              "minWidth": 64,
              "paddingHorizontal": 1,
              "paddingVertical": 1,
              "shadowColor": "#000",
              "shadowOffset": {
                "height": 0,
                "width": 0,
              },
              "shadowOpacity": 0,
              "shadowRadius": 0,
            }
          }
          testID="appButton-container"
        >
          <View
            accessibilityRole="button"
            accessibilityState={
              {
                "busy": undefined,
                "checked": undefined,
                "disabled": false,
                "expanded": undefined,
                "selected": undefined,
              }
            }
            accessibilityValue={
              {
                "max": undefined,
                "min": undefined,
                "now": undefined,
                "text": undefined,
              }
            }
            accessible={true}
            collapsable={false}
            focusable={true}
            onBlur={[Function]}
            onClick={[Function]}
            onFocus={[Function]}
            onResponderGrant={[Function]}
            onResponderMove={[Function]}
            onResponderRelease={[Function]}
            onResponderTerminate={[Function]}
            onResponderTerminationRequest={[Function]}
            onStartShouldSetResponder={[Function]}
            style={
              [
                {
                  "overflow": "hidden",
                },
                {
                  "borderRadius": 6,
                },
              ]
            }
            testID="appButton"
          >
            <View
              style={
                [
                  {
                    "alignItems": "center",
                    "flexDirection": "row",
                    "justifyContent": "center",
                  },
                  undefined,
                ]
              }
            >
              <Text
                numberOfLines={1}
                selectable={false}
                style={
                  [
                    {
                      "textAlign": "left",
                    },
                    {
                      "color": "rgba(28, 27, 31, 1)",
                      "writingDirection": "ltr",
                    },
                    [
                      {
                        "fontFamily": "System",
                        "fontSize": 14,
                        "fontWeight": "500",
                        "letterSpacing": 0.1,
                        "lineHeight": 20,
                      },
                      [
                        {
                          "marginHorizontal": 16,
                          "marginVertical": 9,
                          "textAlign": "center",
                        },
                        false,
                        {
                          "marginHorizontal": 12,
                        },
                        false,
                        false,
                        {
                          "color": "rgba(103, 80, 164, 1)",
                          "fontFamily": "System",
                          "fontSize": 14,
                          "fontWeight": "500",
                          "letterSpacing": 0.1,
                          "lineHeight": 20,
                        },
                        {},
                      ],
                    ],
                  ]
                }
                testID="appButton-text"
              />
            </View>
          </View>
        </View>
      </View>
      <View
        collapsable={false}
        style={
          {
            "backgroundColor": "rgba(103, 80, 164, 1)",
            "borderRadius": 6,
            "shadowColor": "#000",
            "shadowOffset": {
              "height": 0,
              "width": 0,
            },
            "shadowOpacity": 0,
            "shadowRadius": 0,
          }
        }
        testID="appButton-container-outer-layer"
      >
        <View
          collapsable={false}
          style={
            {
              "alignItems": "center",
              "backgroundColor": "rgba(103, 80, 164, 1)",
              "borderColor": "transparent",
              "borderRadius": 6,
              "borderStyle": "solid",
              "borderWidth": 0,
              "flex": undefined,
              "flexDirection": "row",
              "justifyContent": "center",
              "minWidth": "auto",
              "paddingHorizontal": 1,
              "paddingVertical": 1,
              "shadowColor": "#000",
              "shadowOffset": {
                "height": 0,
                "width": 0,
              },
              "shadowOpacity": 0,
              "shadowRadius": 0,
            }
          }
          testID="appButton-container"
        >
          <View
            accessibilityRole="button"
            accessibilityState={
              {
                "busy": undefined,
                "checked": undefined,
                "disabled": false,
                "expanded": undefined,
                "selected": undefined,
              }
            }
            accessibilityValue={
              {
                "max": undefined,
                "min": undefined,
                "now": undefined,
                "text": undefined,
              }
            }
            accessible={true}
            collapsable={false}
            focusable={true}
            onBlur={[Function]}
            onClick={[Function]}
            onFocus={[Function]}
            onResponderGrant={[Function]}
            onResponderMove={[Function]}
            onResponderRelease={[Function]}
            onResponderTerminate={[Function]}
            onResponderTerminationRequest={[Function]}
            onStartShouldSetResponder={[Function]}
            style={
              [
                {
                  "overflow": "hidden",
                },
                {
                  "borderRadius": 6,
                },
              ]
            }
            testID="appButton"
          >
            <View
              style={
                [
                  {
                    "alignItems": "center",
                    "flexDirection": "row",
                    "justifyContent": "center",
                  },
                  undefined,
                ]
              }
            >
              <Text
                numberOfLines={1}
                selectable={false}
                style={
                  [
                    {
                      "textAlign": "left",
                    },
                    {
                      "color": "rgba(28, 27, 31, 1)",
                      "writingDirection": "ltr",
                    },
                    [
                      {
                        "fontFamily": "System",
                        "fontSize": 14,
                        "fontWeight": "500",
                        "letterSpacing": 0.1,
                        "lineHeight": 20,
                      },
                      [
                        {
                          "marginHorizontal": 16,
                          "marginVertical": 9,
                          "textAlign": "center",
                        },
                        false,
                        {
                          "marginHorizontal": 24,
                          "marginVertical": 10,
                        },
                        {
                          "marginHorizontal": 8,
                        },
                        {
                          "textTransform": "uppercase",
                        },
                        {
                          "color": "rgba(232, 222, 248, 1)",
                          "fontFamily": "System",
                          "fontSize": 14,
                          "fontWeight": "500",
                          "letterSpacing": 0.1,
                          "lineHeight": 20,
                        },
                        {
                          "fontSize": 9,
                          "marginHorizontal": 20,
                          "marginVertical": 2,
                        },
                      ],
                    ],
                  ]
                }
                testID="appButton-text"
              />
            </View>
          </View>
        </View>
      </View>
    </View>
  </View>
  <View
    style={
      {
        "flex": 1,
        "paddingHorizontal": 10,
      }
    }
  >
    <RCTScrollView
      style={
        {
          "flex": 1,
          "paddingBottom": 40,
        }
      }
    >
      <View>
        <Text
          style={
            [
              {
                "textAlign": "left",
              },
              {
                "color": "rgba(28, 27, 31, 1)",
                "fontFamily": "System",
                "fontWeight": "400",
                "letterSpacing": 0,
              },
              {
                "writingDirection": "ltr",
              },
              {
                "color": "#000",
                "fontSize": 20,
                "fontWeight": "600",
                "marginBottom": 7,
              },
            ]
          }
        />
        <View
          style={
            {
              "flexDirection": "column",
              "marginBottom": 10,
            }
          }
        >
          <TextInput
            keyboardType="default"
            onChangeText={[Function]}
            style={
              {
                "borderColor": "blue",
                "borderRadius": 4,
                "borderWidth": 1,
                "padding": 8,
              }
            }
            testID="fullName"
          />
        </View>
        <View
          style={
            {
              "flexDirection": "column",
              "marginBottom": 10,
            }
          }
        >
          <TextInput
            keyboardType="default"
            onChangeText={[Function]}
            placeholder="yourname@example.com"
            style={
              {
                "borderColor": "blue",
                "borderRadius": 4,
                "borderWidth": 1,
                "padding": 8,
              }
            }
            testID="email"
          />
        </View>
        <View
          style={
            {
              "flexDirection": "column",
              "marginBottom": 10,
            }
          }
        >
          <TextInput
            keyboardType="numeric"
            onChangeText={[Function]}
            placeholder="UGX"
            style={
              {
                "borderColor": "blue",
                "borderRadius": 4,
                "borderWidth": 1,
                "padding": 8,
              }
            }
            testID="loanAmount"
          />
        </View>
        <View
          style={
            {
              "flexDirection": "column",
              "marginBottom": 10,
            }
          }
        >
          <TextInput
            keyboardType="default"
            onChangeText={[Function]}
            style={
              {
                "borderColor": "blue",
                "borderRadius": 4,
                "borderWidth": 1,
                "padding": 8,
              }
            }
            testID="loanPurpose"
          />
        </View>
        <View
          collapsable={false}
          style={
            {
              "backgroundColor": "rgba(103, 80, 164, 1)",
              "borderRadius": 6,
              "shadowColor": "#000",
              "shadowOffset": {
                "height": 0,
                "width": 0,
              },
              "shadowOpacity": 0,
              "shadowRadius": 0,
            }
          }
          testID="submitLoanApplicationButton-container-outer-layer"
        >
          <View
            collapsable={false}
            style={
              {
                "alignItems": "center",
                "backgroundColor": "rgba(103, 80, 164, 1)",
                "borderColor": "transparent",
                "borderRadius": 6,
                "borderStyle": "solid",
                "borderWidth": 0,
                "flex": undefined,
                "flexDirection": "row",
                "justifyContent": "center",
                "minWidth": 64,
                "paddingHorizontal": 1,
                "paddingVertical": 1,
                "shadowColor": "#000",
                "shadowOffset": {
                  "height": 0,
                  "width": 0,
                },
                "shadowOpacity": 0,
                "shadowRadius": 0,
              }
            }
            testID="submitLoanApplicationButton-container"
          >
            <View
              accessibilityRole="button"
              accessibilityState={
                {
                  "busy": undefined,
                  "checked": undefined,
                  "disabled": false,
                  "expanded": undefined,
                  "selected": undefined,
                }
              }
              accessibilityValue={
                {
                  "max": undefined,
                  "min": undefined,
                  "now": undefined,
                  "text": undefined,
                }
              }
              accessible={true}
              collapsable={false}
              focusable={true}
              onBlur={[Function]}
              onClick={[Function]}
              onFocus={[Function]}
              onResponderGrant={[Function]}
              onResponderMove={[Function]}
              onResponderRelease={[Function]}
              onResponderTerminate={[Function]}
              onResponderTerminationRequest={[Function]}
              onStartShouldSetResponder={[Function]}
              style={
                [
                  {
                    "overflow": "hidden",
                  },
                  {
                    "borderRadius": 6,
                  },
                ]
              }
              testID="submitLoanApplicationButton"
            >
              <View
                style={
                  [
                    {
                      "alignItems": "center",
                      "flexDirection": "row",
                      "justifyContent": "center",
                    },
                    undefined,
                  ]
                }
              >
                <Text
                  numberOfLines={1}
                  selectable={false}
                  style={
                    [
                      {
                        "textAlign": "left",
                      },
                      {
                        "color": "rgba(28, 27, 31, 1)",
                        "writingDirection": "ltr",
                      },
                      [
                        {
                          "fontFamily": "System",
                          "fontSize": 14,
                          "fontWeight": "500",
                          "letterSpacing": 0.1,
                          "lineHeight": 20,
                        },
                        [
                          {
                            "marginHorizontal": 16,
                            "marginVertical": 9,
                            "textAlign": "center",
                          },
                          false,
                          {
                            "marginHorizontal": 24,
                            "marginVertical": 10,
                          },
                          false,
                          {
                            "textTransform": "uppercase",
                          },
                          {
                            "color": "rgba(232, 222, 248, 1)",
                            "fontFamily": "System",
                            "fontSize": 14,
                            "fontWeight": "500",
                            "letterSpacing": 0.1,
                            "lineHeight": 20,
                          },
                          {},
                        ],
                      ],
                    ]
                  }
                  testID="submitLoanApplicationButton-text"
                />
              </View>
            </View>
          </View>
        </View>
        <View
          style={
            [
              {
                "height": 15,
                "width": 0,
              },
            ]
          }
        />
      </View>
    </RCTScrollView>
  </View>
</RCTSafeAreaView>
`;
